[2026-07-18 16:09:45] ❌ ACCOUNT CREATION FAILED | Submission: 31 | Error: Valid email address required for account creation
[2026-07-18 16:24:21] ❌ ACCOUNT CREATION FAILED | Submission: 32 | Error: SQLSTATE[42703]: Undefined column: 7 ERROR:  column "username" does not exist
LINE 1: SELECT COUNT(*) FROM system_users WHERE username = $1
                                                ^
[2026-07-18 16:25:59] ❌ ACCOUNT CREATION FAILED | Submission: 33 | Error: SQLSTATE[42703]: Undefined column: 7 ERROR:  column "username" does not exist
LINE 1: SELECT COUNT(*) FROM system_users WHERE username = $1
                                                ^
[2026-07-18 16:46:29] ❌ ACCOUNT CREATION FAILED | Submission: 34 | Error: SQLSTATE[42703]: Undefined column: 7 ERROR:  column "requestor_user_id" of relation "intake_submissions" does not exist
LINE 2:              SET requestor_user_id = $1
                         ^
[2026-07-18 16:48:30] ❌ ACCOUNT CREATION FAILED | Submission: 35 | Error: SQLSTATE[42703]: Undefined column: 7 ERROR:  column "requestor_user_id" of relation "intake_submissions" does not exist
LINE 2:              SET requestor_user_id = $1
                         ^
[2026-07-18 16:49:14] ❌ ACCOUNT CREATION FAILED | Submission: 36 | Error: SQLSTATE[42703]: Undefined column: 7 ERROR:  column "requestor_user_id" of relation "intake_submissions" does not exist
LINE 2:              SET requestor_user_id = $1
                         ^
[2026-07-20 12:08:05] ❌ ACCOUNT CREATION FAILED | Submission: 37 | Error: SQLSTATE[42703]: Undefined column: 7 ERROR:  column "requestor_user_id" of relation "intake_submissions" does not exist
LINE 2:              SET requestor_user_id = $1
                         ^
[2026-07-25 13:11:04] ❌ ACCOUNT CREATION FAILED | Submission: 51 | Error: Valid email address required for account creation
[2026-07-25 13:39:06] ❌ ACCOUNT CREATION FAILED | Submission: 54 | Error: Valid email address required for account creation
[2026-07-25 13:39:57] ACCOUNT CREATED | Submission: 55 | Username: butthole | Password: UIRlN97S#E9m | Email: butthole@gmail.com
[2026-07-25 14:29:34] ACCOUNT CREATED | Submission: 62 | Username: gene.belcher | Password: COZbOje9qa@r | Email: gene.belcher@gmail.com
