[2026-07-18 15:39:23] NEW SUBMISSION | Phinneas McPherson | Email: april@aachips.co | Phone: 615-502-0384 | City: Asheville
[2026-07-18 15:39:23] ✅ SUBMISSION SUCCESS | ID: 29 | Case: N/A |  
[2026-07-18 15:40:56] NEW SUBMISSION | aa aa | Email:  | Phone:  | City: 
[2026-07-18 15:40:56] ✅ SUBMISSION SUCCESS | ID: 30 | Case: N/A |  
[2026-07-18 15:59:30] NEW SUBMISSION | Paulie McPherson | Email: april@aachips.co | Phone: 615-502-0384 | City: Asheville
[2026-07-18 15:59:59] NEW SUBMISSION | Paulie McPherson | Email: april@aachips.co | Phone: 615-502-0384 | City: Asheville
[2026-07-18 16:00:01] NEW SUBMISSION | Paulie McPherson | Email: april@aachips.co | Phone: 615-502-0384 | City: Asheville
[2026-07-18 16:00:13] NEW SUBMISSION | Paulie McPherson | Email: april@aachips.co | Phone: 615-502-0384 | City: Asheville
[2026-07-18 16:00:16] NEW SUBMISSION | Paulie McPherson | Email: april@aachips.co | Phone: 615-502-0384 | City: Asheville
[2026-07-18 16:01:36] NEW SUBMISSION | aa aa | Email:  | Phone:  | City: 
[2026-07-18 16:01:38] NEW SUBMISSION | aa aa | Email:  | Phone:  | City: 
[2026-07-18 16:03:18] NEW SUBMISSION | aa aa | Email:  | Phone:  | City:  | Referral: NO
[2026-07-18 16:09:44] NEW SUBMISSION | Phinneas McPherson | Email:  | Phone: 666-123-4567 | City: Asheville | Referral: NO
[2026-07-18 16:09:45] ✅ SUBMISSION SUCCESS | ID: 31 | Case: N/A |  
[2026-07-18 16:24:21] NEW SUBMISSION | Phinneas McPherson | Email: april@aachips.co | Phone: 666-123-4567 | City: Asheville | Referral: NO
[2026-07-18 16:24:21] ✅ SUBMISSION SUCCESS | ID: 32 | Case: N/A |  
[2026-07-18 16:25:58] NEW SUBMISSION | Phinneas McPherson | Email: april@aachips.co | Phone: 666-123-4567 | City: Asheville | Referral: NO
[2026-07-18 16:25:59] ✅ SUBMISSION SUCCESS | ID: 33 | Case: N/A |  
[2026-07-18 16:44:56] NEW SUBMISSION | Paulie McPherson | Email: april@aachips.co | Phone: 615-502-0384 | City: Asheville | Referral: NO
[2026-07-18 16:44:59] NEW SUBMISSION | Paulie McPherson | Email: april@aachips.co | Phone: 615-502-0384 | City: Asheville | Referral: NO
[2026-07-18 16:46:29] NEW SUBMISSION | Phinneas McPherson | Email: april@aachips.co | Phone: 666-123-4567 | City: Asheville | Referral: NO
[2026-07-18 16:46:29] ✅ SUBMISSION SUCCESS | ID: 34 | Case: N/A |  
[2026-07-18 16:48:30] NEW SUBMISSION | John Joelson | Email: april@aachips.co | Phone: 1234567890 | City:  | Referral: NO
[2026-07-18 16:48:30] ✅ SUBMISSION SUCCESS | ID: 35 | Case: N/A |  
[2026-07-18 16:49:14] NEW SUBMISSION | John Joelson | Email: april@aachips.co | Phone: 1234567890 | City:  | Referral: NO
[2026-07-18 16:49:14] ✅ SUBMISSION SUCCESS | ID: 36 | Case: N/A |  
[2026-07-20 12:08:05] NEW SUBMISSION | Phinneas Gage | Email: phinnease@gmail.com | Phone: 615-502-0384 | City: Asheville | Referral: NO
[2026-07-20 12:08:05] ✅ SUBMISSION SUCCESS | ID: 37 | Case: N/A |  
[2026-07-25 13:11:04] NEW SUBMISSION | Al Coholic | Email:  | Phone:  | City:  | Referral: NO
[2026-07-25 13:11:04] ✅ SUBMISSION SUCCESS | ID: 51 | Case: N/A |  
[2026-07-25 13:39:06] NEW SUBMISSION | Al Coholic | Email:  | Phone:  | City:  | Referral: NO
[2026-07-25 13:39:06] ✅ SUBMISSION SUCCESS | ID: 54 | Case: N/A |  
[2026-07-25 13:39:57] NEW SUBMISSION | Al Coholic | Email: butthole@gmail.com | Phone:  | City:  | Referral: NO
[2026-07-25 13:39:58] ✅ SUBMISSION SUCCESS | ID: 55 | Case: N/A |  
[2026-07-25 14:25:01] NEW SUBMISSION | Al Coholic | Email: butthole@gmail.com | Phone:  | City:  | Referral: NO
[2026-07-25 14:25:10] NEW SUBMISSION | Al Coholic | Email: butthole@gmail.com | Phone:  | City:  | Referral: NO
[2026-07-25 14:29:31] NEW SUBMISSION | Gene Belcher | Email: gene.belcher@gmail.com | Phone: 123-555-6543 | City: Woodfin | Referral: NO
[2026-07-25 14:29:35] ✅ SUBMISSION SUCCESS | ID: 62 | Case: N/A |  
[2026-07-27 12:45:45] NEW SUBMISSION | Dave Butts | Email: dave@butts.com | Phone:  | City: Asheville | Referral: NO
[2026-07-27 12:46:14] NEW SUBMISSION | Dave Butts | Email: dave@butts.com | Phone:  | City: Asheville | Referral: NO
[2026-07-27 12:47:01] NEW SUBMISSION | Dave Butts | Email: dave@butts.com | Phone:  | City: Asheville | Referral: NO
[2026-07-27 12:47:47] NEW SUBMISSION | Dave Butts | Email: dave@butts.com | Phone:  | City: Asheville | Referral: NO
